// Jest Snapshot v1, https://goo.gl/fbAQLP

exports[`Product Page render product page 1`] = `
{
  "asFragment": [Function],
  "baseElement": <body>
    <div>
      <div
        class="bg-neutral-100 h-screen p-2"
      >
        <h2
          class="text-gray-800 font-bold text-3xl text-center"
        >
          Product Saya
        </h2>
        <div
          class="flex justify-center items-center py-4 gap-5"
        >
          <div
            class="product-skeleton"
          >
            <div
              class="product-skeleton-image"
            />
            <div
              class="product-skeleton-title"
            />
            <div
              class="product-skeleton-category"
            />
            <div
              class="product-skeleton-price"
            />
          </div>
          <div
            class="product-skeleton"
          >
            <div
              class="product-skeleton-image"
            />
            <div
              class="product-skeleton-title"
            />
            <div
              class="product-skeleton-category"
            />
            <div
              class="product-skeleton-price"
            />
          </div>
        </div>
      </div>
    </div>
  </body>,
  "container": <div>
    <div
      class="bg-neutral-100 h-screen p-2"
    >
      <h2
        class="text-gray-800 font-bold text-3xl text-center"
      >
        Product Saya
      </h2>
      <div
        class="flex justify-center items-center py-4 gap-5"
      >
        <div
          class="product-skeleton"
        >
          <div
            class="product-skeleton-image"
          />
          <div
            class="product-skeleton-title"
          />
          <div
            class="product-skeleton-category"
          />
          <div
            class="product-skeleton-price"
          />
        </div>
        <div
          class="product-skeleton"
        >
          <div
            class="product-skeleton-image"
          />
          <div
            class="product-skeleton-title"
          />
          <div
            class="product-skeleton-category"
          />
          <div
            class="product-skeleton-price"
          />
        </div>
      </div>
    </div>
  </div>,
  "debug": [Function],
  "findAllByAltText": [Function],
  "findAllByDisplayValue": [Function],
  "findAllByLabelText": [Function],
  "findAllByPlaceholderText": [Function],
  "findAllByRole": [Function],
  "findAllByTestId": [Function],
  "findAllByText": [Function],
  "findAllByTitle": [Function],
  "findByAltText": [Function],
  "findByDisplayValue": [Function],
  "findByLabelText": [Function],
  "findByPlaceholderText": [Function],
  "findByRole": [Function],
  "findByTestId": [Function],
  "findByText": [Function],
  "findByTitle": [Function],
  "getAllByAltText": [Function],
  "getAllByDisplayValue": [Function],
  "getAllByLabelText": [Function],
  "getAllByPlaceholderText": [Function],
  "getAllByRole": [Function],
  "getAllByTestId": [Function],
  "getAllByText": [Function],
  "getAllByTitle": [Function],
  "getByAltText": [Function],
  "getByDisplayValue": [Function],
  "getByLabelText": [Function],
  "getByPlaceholderText": [Function],
  "getByRole": [Function],
  "getByTestId": [Function],
  "getByText": [Function],
  "getByTitle": [Function],
  "queryAllByAltText": [Function],
  "queryAllByDisplayValue": [Function],
  "queryAllByLabelText": [Function],
  "queryAllByPlaceholderText": [Function],
  "queryAllByRole": [Function],
  "queryAllByTestId": [Function],
  "queryAllByText": [Function],
  "queryAllByTitle": [Function],
  "queryByAltText": [Function],
  "queryByDisplayValue": [Function],
  "queryByLabelText": [Function],
  "queryByPlaceholderText": [Function],
  "queryByRole": [Function],
  "queryByTestId": [Function],
  "queryByText": [Function],
  "queryByTitle": [Function],
  "rerender": [Function],
  "unmount": [Function],
}
`;
